[2m2022-12-05T08:18:59.789859Z[0m [32m INFO[0m [2mnode_monitor[0m[2m:[0m Running on: 0.0.0.0:10086
[2m2022-12-05T08:18:59.791044Z[0m [32m INFO[0m [2mnode_monitor::data::filfox::update[0m[2m:[0m polling miner info with interval: 10
                                                                                                                                                                                                                                                                                                                                                                                                                                                                                                                                                                                                                                                                                                                                                                                                                                                                                                                                                                                                                    [2m2022-12-05T08:19:10.443034Z[0m [32m INFO[0m [2mnode_monitor::data::filfox::update[0m[2m:[0m polling miner info with interval: 10
[2m2022-12-05T08:19:21.202415Z[0m [32m INFO[0m [2mnode_monitor::data::filfox::update[0m[2m:[0m polling miner info with interval: 10
[2m2022-12-05T08:19:31.971044Z[0m [32m INFO[0m [2mnode_monitor::data::filfox::update[0m[2m:[0m polling miner info with interval: 10
[2m2022-12-05T08:19:42.803999Z[0m [32m INFO[0m [2mnode_monitor::data::filfox::update[0m[2m:[0m polling miner info with interval: 10
